======================================================================
INFERENCE TRACE STARTED: recording.wav
Timestamp: 2025-11-07T12:33:52.746909Z
======================================================================

[STAGE] 8. MODEL_INPUT_VALIDATION
----------------------------------------------------------------------
  input_shape: (1, 1, 128, 128)
  expected_shape: (1, 1, 128, 128)
  shape_match: ✓ Yes
  dtype: torch.float32
  device: cpu
  min_value: -0.859814
  max_value: 2.185372
  has_nan: False
  has_inf: False
  status: ✓ Input valid

[STAGE] 9. MODEL_INFERENCE
----------------------------------------------------------------------
  model_name: best_efficientnet_v2_m+vgg16+densenet121.pt
  device: cpu
  inference_time_ms: 2058.17
  logits_shape: (7,)
  logits: [0.987387, 0.001969, 2.7e-05, 0.001156, 2e-06, 7.6e-05, 0.009382]
  probabilities: [0.987387, 0.001969, 2.7e-05, 0.001156, 2e-06, 7.6e-05, 0.009382]
  predicted_class_index: 0
  predicted_emotion: angry
  confidence: 0.987387
  status: ✓ Inference complete

======================================================================
INFERENCE TRACE COMPLETED
======================================================================

Trace saved to: logs\inference_trace\trace_20251107_123352_746791_recording.wav.log
JSON trace saved to: logs\inference_trace\trace_20251107_123352_746791_recording.wav.json
