======================================================================
INFERENCE TRACE STARTED: recording.ogg
Timestamp: 2025-11-15T08:37:52.246962Z
======================================================================

[STAGE] 8. MODEL_INPUT_VALIDATION
----------------------------------------------------------------------
  input_shape: (1, 1, 128, 128)
  expected_shape: (1, 1, 128, 128)
  shape_match: ✓ Yes
  dtype: torch.float32
  device: cpu
  min_value: -1.216195
  max_value: 1.7078
  has_nan: False
  has_inf: False
  status: ✓ Input valid

[STAGE] 9. MODEL_INFERENCE
----------------------------------------------------------------------
  model_name: best_efficientnet_v2_m+vgg16+densenet121.pt
  device: cpu
  inference_time_ms: 2982.1
  logits_shape: (7,)
  logits: [0.031907, 0.090882, 0.440176, 0.257765, 0.095726, 0.074977, 0.008568]
  probabilities: [0.031907, 0.090882, 0.440176, 0.257765, 0.095726, 0.074977, 0.008568]
  predicted_class_index: 2
  predicted_emotion: fear
  confidence: 0.440176
  status: ✓ Inference complete

======================================================================
INFERENCE TRACE COMPLETED
======================================================================

Trace saved to: logs\inference_trace\trace_20251115_083752_246962_recording.ogg.log
JSON trace saved to: logs\inference_trace\trace_20251115_083752_246962_recording.ogg.json
