======================================================================
INFERENCE TRACE STARTED: recording.wav
Timestamp: 2025-11-06T09:18:22.551011Z
======================================================================

[STAGE] 1. AUDIO_LOADED
----------------------------------------------------------------------
  sample_rate: 16000
  duration_seconds: 2.002
  waveform_shape: (32032,)
  dtype: float32
  num_channels: 1
  min_amplitude: -0.221893
  max_amplitude: 0.149689
  mean_amplitude: 1.7e-05
  status: ✓ Audio decoded successfully

[STAGE] 2. RESAMPLING
----------------------------------------------------------------------
  original_sample_rate: 16000
  target_sample_rate: 22050
  new_waveform_shape: torch.Size([1, 44145])
  resampled: Yes
  status: ✓ Resampling complete

[STAGE] 4. MEL_SPECTROGRAM
----------------------------------------------------------------------
  sample_rate: 22050
  n_fft: 1024
  hop_length: 256
  n_mels: 128
  mel_shape: torch.Size([1, 128, 173])
  mel_min: 0.0
  mel_max: 139.117615
  mel_mean: 0.423932
  status: ✓ MelSpectrogram generated

[STAGE] 5. DB_CONVERSION
----------------------------------------------------------------------
  db_shape: torch.Size([1, 128, 173])
  db_min: -87.560867
  db_max: 21.433821
  db_mean: -25.08135
  transform: AmplitudeToDB
  status: ✓ dB conversion complete

[STAGE] 6. NORMALIZATION
----------------------------------------------------------------------
  before_mean: -25.08135
  before_std: 16.753279
  after_mean: -0.0
  after_std: 1.0
  normalized_shape: torch.Size([1, 128, 173])
  method: z-score (mean=0, std=1)
  formula: (x - mean) / (std + 1e-6)
  status: ✓ Normalization complete

[STAGE] 7. RESIZE
----------------------------------------------------------------------
  original_shape: torch.Size([1, 128, 173])
  target_size: (128, 128)
  final_shape: torch.Size([1, 128, 128])
  interpolation_method: bilinear
  align_corners: False
  status: ✓ Resize complete

[STAGE] PARAMETER_VALIDATION
----------------------------------------------------------------------
  training_params: {'SAMPLE_RATE': 22050, 'N_MELS': 128, 'N_FFT': 1024, 'HOP_LENGTH': 256, 'TARGET_SIZE': 128, 'POWER': 2.0, 'NORMALIZE_METHOD': 'z-score'}
  inference_params: {'SAMPLE_RATE': 22050, 'N_MELS': 128, 'N_FFT': 1024, 'HOP_LENGTH': 256, 'TARGET_SIZE': 128, 'POWER': 2.0, 'NORMALIZE_METHOD': 'z-score'}
  mismatches: None
  status: ✓ All parameters match

[STAGE] 8. MODEL_INPUT_VALIDATION
----------------------------------------------------------------------
  input_shape: (1, 1, 128, 128)
  expected_shape: (1, 1, 128, 128)
  shape_match: ✓ Yes
  dtype: torch.float32
  device: cpu
  min_value: -3.689165
  max_value: 2.76285
  has_nan: False
  has_inf: False
  status: ✓ Input valid

[STAGE] 9. MODEL_INFERENCE
----------------------------------------------------------------------
  model_name: best_efficientnet_v2_m+vgg16+densenet121.pt
  device: cpu
  inference_time_ms: 3239.38
  logits_shape: (7,)
  logits: [0.003264, 0.001279, 0.283546, 0.049863, 0.000374, 0.661558, 0.000116]
  probabilities: [0.120559, 0.12032, 0.15956, 0.12631, 0.120211, 0.232859, 0.12018]
  predicted_class_index: 5
  predicted_emotion: sad
  confidence: 0.232859
  status: ✓ Inference complete

======================================================================
INFERENCE TRACE COMPLETED
======================================================================

Trace saved to: logs\inference_trace\trace_20251106_091822_551011_recording.wav.log
JSON trace saved to: logs\inference_trace\trace_20251106_091822_551011_recording.wav.json
