======================================================================
INFERENCE TRACE STARTED: recording.wav
Timestamp: 2025-11-07T12:36:15.074230Z
======================================================================

[STAGE] 8. MODEL_INPUT_VALIDATION
----------------------------------------------------------------------
  input_shape: (1, 1, 128, 128)
  expected_shape: (1, 1, 128, 128)
  shape_match: ✓ Yes
  dtype: torch.float32
  device: cpu
  min_value: -0.915327
  max_value: 2.180225
  has_nan: False
  has_inf: False
  status: ✓ Input valid

[STAGE] 9. MODEL_INFERENCE
----------------------------------------------------------------------
  model_name: best_efficientnet_v2_m+vgg16+densenet121.pt
  device: cpu
  inference_time_ms: 295.24
  logits_shape: (7,)
  logits: [0.682482, 0.120216, 0.005074, 0.003387, 0.006095, 0.182568, 0.000178]
  probabilities: [0.682482, 0.120216, 0.005074, 0.003387, 0.006095, 0.182568, 0.000178]
  predicted_class_index: 0
  predicted_emotion: angry
  confidence: 0.682482
  status: ✓ Inference complete

======================================================================
INFERENCE TRACE COMPLETED
======================================================================

Trace saved to: logs\inference_trace\trace_20251107_123615_074147_recording.wav.log
JSON trace saved to: logs\inference_trace\trace_20251107_123615_074147_recording.wav.json
