======================================================================
INFERENCE TRACE STARTED: recording.ogg
Timestamp: 2025-11-15T08:40:00.879424Z
======================================================================

[STAGE] 8. MODEL_INPUT_VALIDATION
----------------------------------------------------------------------
  input_shape: (1, 1, 128, 128)
  expected_shape: (1, 1, 128, 128)
  shape_match: ✓ Yes
  dtype: torch.float32
  device: cpu
  min_value: -0.870416
  max_value: 1.891315
  has_nan: False
  has_inf: False
  status: ✓ Input valid

[STAGE] 9. MODEL_INFERENCE
----------------------------------------------------------------------
  model_name: best_efficientnet_v2_m+vgg16+densenet121.pt
  device: cpu
  inference_time_ms: 2173.7
  logits_shape: (7,)
  logits: [0.015996, 0.634363, 0.18366, 0.01244, 0.000339, 0.115125, 0.038076]
  probabilities: [0.015996, 0.634363, 0.18366, 0.01244, 0.000339, 0.115125, 0.038076]
  predicted_class_index: 1
  predicted_emotion: disgust
  confidence: 0.634363
  status: ✓ Inference complete

======================================================================
INFERENCE TRACE COMPLETED
======================================================================

Trace saved to: logs\inference_trace\trace_20251115_084000_878428_recording.ogg.log
JSON trace saved to: logs\inference_trace\trace_20251115_084000_878428_recording.ogg.json
