======================================================================
INFERENCE TRACE STARTED: 03-01-03-01-01-01-01.wav
Timestamp: 2025-11-06T08:21:23.526806Z
======================================================================

[STAGE] 1. AUDIO_LOADED
----------------------------------------------------------------------
  sample_rate: 48000
  duration_seconds: 3.47
  waveform_shape: (166567,)
  dtype: float32
  num_channels: 1
  min_amplitude: -0.048889
  max_amplitude: 0.058502
  mean_amplitude: 1e-06
  status: ✓ Audio decoded successfully

[STAGE] 2. RESAMPLING
----------------------------------------------------------------------
  original_sample_rate: 48000
  target_sample_rate: 22050
  new_waveform_shape: torch.Size([1, 76517])
  resampled: Yes
  status: ✓ Resampling complete

[STAGE] 4. MEL_SPECTROGRAM
----------------------------------------------------------------------
  sample_rate: 22050
  n_fft: 1024
  hop_length: 256
  n_mels: 128
  mel_shape: torch.Size([1, 128, 299])
  mel_min: 0.0
  mel_max: 27.548323
  mel_mean: 0.078963
  status: ✓ MelSpectrogram generated

[STAGE] 5. DB_CONVERSION
----------------------------------------------------------------------
  db_shape: torch.Size([1, 128, 299])
  db_min: -100.0
  db_max: 14.400951
  db_mean: -52.436119
  transform: AmplitudeToDB
  status: ✓ dB conversion complete

[STAGE] 6. NORMALIZATION
----------------------------------------------------------------------
  before_mean: -52.436119
  before_std: 24.766062
  after_mean: 0.0
  after_std: 1.0
  normalized_shape: torch.Size([1, 128, 299])
  method: z-score (mean=0, std=1)
  formula: (x - mean) / (std + 1e-6)
  status: ✓ Normalization complete

[STAGE] 7. RESIZE
----------------------------------------------------------------------
  original_shape: torch.Size([1, 128, 299])
  target_size: (128, 128)
  final_shape: torch.Size([1, 128, 128])
  interpolation_method: bilinear
  align_corners: False
  status: ✓ Resize complete

[STAGE] PARAMETER_VALIDATION
----------------------------------------------------------------------
  training_params: {'SAMPLE_RATE': 22050, 'N_MELS': 128, 'N_FFT': 1024, 'HOP_LENGTH': 256, 'TARGET_SIZE': 128, 'POWER': 2.0, 'NORMALIZE_METHOD': 'z-score'}
  inference_params: {'SAMPLE_RATE': 22050, 'N_MELS': 128, 'N_FFT': 1024, 'HOP_LENGTH': 256, 'TARGET_SIZE': 128, 'POWER': 2.0, 'NORMALIZE_METHOD': 'z-score'}
  mismatches: None
  status: ✓ All parameters match

[STAGE] 8. MODEL_INPUT_VALIDATION
----------------------------------------------------------------------
  input_shape: (1, 1, 128, 128)
  expected_shape: (1, 1, 128, 128)
  shape_match: ✓ Yes
  dtype: torch.float32
  device: cpu
  min_value: -1.904021
  max_value: 2.697568
  has_nan: False
  has_inf: False
  status: ✓ Input valid

[STAGE] 9. MODEL_INFERENCE
----------------------------------------------------------------------
  model_name: best_efficientnet_v2_m+vgg16+densenet121.pt
  device: cpu
  inference_time_ms: 2359.91
  logits_shape: (7,)
  logits: [5.3e-05, 4.4e-05, 0.356077, 0.032718, 0.005417, 0.605666, 2.6e-05]
  probabilities: [0.120503, 0.120502, 0.172035, 0.124504, 0.121151, 0.220806, 0.1205]
  predicted_class_index: 5
  predicted_emotion: sad
  confidence: 0.220806
  status: ✓ Inference complete

======================================================================
INFERENCE TRACE COMPLETED
======================================================================

Trace saved to: logs\inference_trace\trace_20251106_082123_526806_03-01-03-01-01-01-01.wav.log
JSON trace saved to: logs\inference_trace\trace_20251106_082123_526806_03-01-03-01-01-01-01.wav.json
