======================================================================
INFERENCE TRACE STARTED: recording.ogg
Timestamp: 2025-11-15T08:41:21.994869Z
======================================================================

[STAGE] 8. MODEL_INPUT_VALIDATION
----------------------------------------------------------------------
  input_shape: (1, 1, 128, 128)
  expected_shape: (1, 1, 128, 128)
  shape_match: ✓ Yes
  dtype: torch.float32
  device: cpu
  min_value: -2.540149
  max_value: 1.675147
  has_nan: False
  has_inf: False
  status: ✓ Input valid

[STAGE] 9. MODEL_INFERENCE
----------------------------------------------------------------------
  model_name: best_efficientnet_v2_m+vgg16+densenet121.pt
  device: cpu
  inference_time_ms: 296.75
  logits_shape: (7,)
  logits: [0.005936, 0.688253, 0.006119, 0.018199, 0.010737, 0.270305, 0.000451]
  probabilities: [0.005936, 0.688253, 0.006119, 0.018199, 0.010737, 0.270305, 0.000451]
  predicted_class_index: 1
  predicted_emotion: disgust
  confidence: 0.688253
  status: ✓ Inference complete

======================================================================
INFERENCE TRACE COMPLETED
======================================================================

Trace saved to: logs\inference_trace\trace_20251115_084121_994869_recording.ogg.log
JSON trace saved to: logs\inference_trace\trace_20251115_084121_994869_recording.ogg.json
