======================================================================
INFERENCE TRACE STARTED: recording.ogg
Timestamp: 2025-11-07T12:41:38.444828Z
======================================================================

[STAGE] 8. MODEL_INPUT_VALIDATION
----------------------------------------------------------------------
  input_shape: (1, 1, 128, 128)
  expected_shape: (1, 1, 128, 128)
  shape_match: ✓ Yes
  dtype: torch.float32
  device: cpu
  min_value: -0.765774
  max_value: 2.487316
  has_nan: False
  has_inf: False
  status: ✓ Input valid

[STAGE] 9. MODEL_INFERENCE
----------------------------------------------------------------------
  model_name: best_efficientnet_v2_m+vgg16+densenet121.pt
  device: cpu
  inference_time_ms: 292.32
  logits_shape: (7,)
  logits: [0.662305, 0.001125, 0.326437, 0.001178, 0.004413, 0.004504, 3.7e-05]
  probabilities: [0.662305, 0.001125, 0.326437, 0.001178, 0.004413, 0.004504, 3.7e-05]
  predicted_class_index: 0
  predicted_emotion: angry
  confidence: 0.662305
  status: ✓ Inference complete

======================================================================
INFERENCE TRACE COMPLETED
======================================================================

Trace saved to: logs\inference_trace\trace_20251107_124138_444741_recording.ogg.log
JSON trace saved to: logs\inference_trace\trace_20251107_124138_444741_recording.ogg.json
