======================================================================
INFERENCE TRACE STARTED: recording.wav
Timestamp: 2025-11-14T07:43:02.262640Z
======================================================================

[STAGE] 8. MODEL_INPUT_VALIDATION
----------------------------------------------------------------------
  input_shape: (1, 1, 128, 128)
  expected_shape: (1, 1, 128, 128)
  shape_match: ✓ Yes
  dtype: torch.float32
  device: cpu
  min_value: -0.994618
  max_value: 2.155359
  has_nan: False
  has_inf: False
  status: ✓ Input valid

[STAGE] 9. MODEL_INFERENCE
----------------------------------------------------------------------
  model_name: best_efficientnet_v2_m+vgg16+densenet121.pt
  device: cpu
  inference_time_ms: 3377.96
  logits_shape: (7,)
  logits: [0.000425, 0.99756, 5.7e-05, 8e-06, 2.4e-05, 0.001921, 6e-06]
  probabilities: [0.000425, 0.99756, 5.7e-05, 8e-06, 2.4e-05, 0.001921, 6e-06]
  predicted_class_index: 1
  predicted_emotion: disgust
  confidence: 0.99756
  status: ✓ Inference complete

======================================================================
INFERENCE TRACE COMPLETED
======================================================================

Trace saved to: logs\inference_trace\trace_20251114_074302_262640_recording.wav.log
JSON trace saved to: logs\inference_trace\trace_20251114_074302_262640_recording.wav.json
