======================================================================
INFERENCE TRACE STARTED: recording.ogg
Timestamp: 2025-11-12T07:20:30.527525Z
======================================================================

[STAGE] 8. MODEL_INPUT_VALIDATION
----------------------------------------------------------------------
  input_shape: (1, 1, 128, 128)
  expected_shape: (1, 1, 128, 128)
  shape_match: ✓ Yes
  dtype: torch.float32
  device: cpu
  min_value: -0.648444
  max_value: 2.975595
  has_nan: False
  has_inf: False
  status: ✓ Input valid

[STAGE] 9. MODEL_INFERENCE
----------------------------------------------------------------------
  model_name: best_efficientnet_v2_m+vgg16+densenet121.pt
  device: cpu
  inference_time_ms: 2169.43
  logits_shape: (7,)
  logits: [0.21848, 0.00879, 0.146985, 0.593391, 0.026417, 0.004145, 0.001792]
  probabilities: [0.21848, 0.00879, 0.146985, 0.593391, 0.026417, 0.004145, 0.001792]
  predicted_class_index: 3
  predicted_emotion: happy
  confidence: 0.593391
  status: ✓ Inference complete

======================================================================
INFERENCE TRACE COMPLETED
======================================================================

Trace saved to: logs\inference_trace\trace_20251112_072030_527525_recording.ogg.log
JSON trace saved to: logs\inference_trace\trace_20251112_072030_527525_recording.ogg.json
