======================================================================
INFERENCE TRACE STARTED: recording.wav
Timestamp: 2025-11-07T16:38:00.655477Z
======================================================================

[STAGE] 8. MODEL_INPUT_VALIDATION
----------------------------------------------------------------------
  input_shape: (1, 1, 128, 128)
  expected_shape: (1, 1, 128, 128)
  shape_match: ✓ Yes
  dtype: torch.float32
  device: cpu
  min_value: -0.828653
  max_value: 2.323117
  has_nan: False
  has_inf: False
  status: ✓ Input valid

[STAGE] 9. MODEL_INFERENCE
----------------------------------------------------------------------
  model_name: best_efficientnet_v2_m+vgg16+densenet121.pt
  device: cpu
  inference_time_ms: 3729.58
  logits_shape: (7,)
  logits: [0.000424, 0.000208, 0.004592, 0.99184, 7.2e-05, 0.00086, 0.002003]
  probabilities: [0.000424, 0.000208, 0.004592, 0.99184, 7.2e-05, 0.00086, 0.002003]
  predicted_class_index: 3
  predicted_emotion: happy
  confidence: 0.99184
  status: ✓ Inference complete

======================================================================
INFERENCE TRACE COMPLETED
======================================================================

Trace saved to: logs\inference_trace\trace_20251107_163800_655364_recording.wav.log
JSON trace saved to: logs\inference_trace\trace_20251107_163800_655364_recording.wav.json
