======================================================================
INFERENCE TRACE STARTED: recording.wav
Timestamp: 2025-11-06T10:49:41.574853Z
======================================================================

[STAGE] 1. AUDIO_LOADED
----------------------------------------------------------------------
  sample_rate: 48000
  duration_seconds: 3.537
  waveform_shape: (169770,)
  dtype: float32
  num_channels: 1
  min_amplitude: -0.211517
  max_amplitude: 0.227264
  mean_amplitude: -0.0
  status: ✓ Audio decoded successfully

[STAGE] 2. RESAMPLING
----------------------------------------------------------------------
  original_sample_rate: 48000
  target_sample_rate: 22050
  new_waveform_shape: torch.Size([1, 77989])
  resampled: Yes
  status: ✓ Resampling complete

[STAGE] 4. MEL_SPECTROGRAM
----------------------------------------------------------------------
  sample_rate: 22050
  n_fft: 1024
  hop_length: 256
  n_mels: 128
  mel_shape: torch.Size([1, 128, 305])
  mel_min: 0.0
  mel_max: 700.957397
  mel_mean: 0.713246
  status: ✓ MelSpectrogram generated

[STAGE] 5. DB_CONVERSION
----------------------------------------------------------------------
  db_shape: torch.Size([1, 128, 305])
  db_min: -100.0
  db_max: 28.456917
  db_mean: -42.812408
  transform: AmplitudeToDB
  status: ✓ dB conversion complete

[STAGE] 6. NORMALIZATION
----------------------------------------------------------------------
  before_mean: -42.812408
  before_std: 27.056993
  after_mean: -0.0
  after_std: 1.0
  normalized_shape: torch.Size([1, 128, 305])
  method: z-score (mean=0, std=1)
  formula: (x - mean) / (std + 1e-6)
  status: ✓ Normalization complete

[STAGE] 7. RESIZE
----------------------------------------------------------------------
  original_shape: torch.Size([1, 128, 305])
  target_size: (128, 128)
  final_shape: torch.Size([1, 128, 128])
  interpolation_method: bilinear
  align_corners: False
  status: ✓ Resize complete

[STAGE] PARAMETER_VALIDATION
----------------------------------------------------------------------
  training_params: {'SAMPLE_RATE': 22050, 'N_MELS': 128, 'N_FFT': 1024, 'HOP_LENGTH': 256, 'TARGET_SIZE': 128, 'POWER': 2.0, 'NORMALIZE_METHOD': 'z-score'}
  inference_params: {'SAMPLE_RATE': 22050, 'N_MELS': 128, 'N_FFT': 1024, 'HOP_LENGTH': 256, 'TARGET_SIZE': 128, 'POWER': 2.0, 'NORMALIZE_METHOD': 'z-score'}
  mismatches: None
  status: ✓ All parameters match

[STAGE] 8. MODEL_INPUT_VALIDATION
----------------------------------------------------------------------
  input_shape: (1, 1, 128, 128)
  expected_shape: (1, 1, 128, 128)
  shape_match: ✓ Yes
  dtype: torch.float32
  device: cpu
  min_value: -2.113597
  max_value: 2.50689
  has_nan: False
  has_inf: False
  status: ✓ Input valid

[STAGE] 9. MODEL_INFERENCE
----------------------------------------------------------------------
  model_name: best_efficientnet_v2_m+vgg16+densenet121.pt
  device: cpu
  inference_time_ms: 240.26
  logits_shape: (7,)
  logits: [0.077973, 0.000817, 0.245755, 0.066461, 0.016249, 0.036751, 0.555994]
  probabilities: [0.077973, 0.000817, 0.245755, 0.066461, 0.016249, 0.036751, 0.555994]
  predicted_class_index: 6
  predicted_emotion: surprise
  confidence: 0.555994
  status: ✓ Inference complete

======================================================================
INFERENCE TRACE COMPLETED
======================================================================

Trace saved to: logs\inference_trace\trace_20251106_104941_574853_recording.wav.log
JSON trace saved to: logs\inference_trace\trace_20251106_104941_574853_recording.wav.json
