======================================================================
INFERENCE TRACE STARTED: recording.webm
Timestamp: 2025-11-06T15:59:39.702555Z
======================================================================

[STAGE] 1. AUDIO_LOADED
----------------------------------------------------------------------
  sample_rate: 48000
  duration_seconds: 3.24
  waveform_shape: (155520,)
  dtype: float32
  num_channels: 1
  min_amplitude: -3.5e-05
  max_amplitude: 3.1e-05
  mean_amplitude: -0.0
  status: ✓ Audio decoded successfully

[STAGE] 2. RESAMPLING
----------------------------------------------------------------------
  original_sample_rate: 48000
  target_sample_rate: 22050
  new_waveform_shape: (88200,)
  resampled: Yes
  status: ✓ Resampling complete

[STAGE] CLEANING
----------------------------------------------------------------------
  noise_reduction: Applied (noisereduce)
  rms_normalization: Applied
  duration_fix: Padded/trimmed to 4.0s
  final_samples: 88200
  expected_samples: 88200

[STAGE] 4. MEL_SPECTROGRAM
----------------------------------------------------------------------
  sample_rate: 22050
  n_fft: 1024
  hop_length: 256
  n_mels: 128
  mel_shape: torch.Size([1, 128, 345])
  mel_min: 0.0
  mel_max: 28153.316406
  mel_mean: 1243.729004
  status: ✓ MelSpectrogram generated

[STAGE] 5. DB_CONVERSION
----------------------------------------------------------------------
  db_shape: torch.Size([1, 128, 345])
  db_min: -100.0
  db_max: 44.495296
  db_mean: 5.048326
  transform: AmplitudeToDB
  status: ✓ dB conversion complete

[STAGE] 6. NORMALIZATION
----------------------------------------------------------------------
  before_mean: 5.048326
  before_std: 50.268299
  after_mean: 0.0
  after_std: 1.0
  normalized_shape: torch.Size([1, 128, 345])
  method: z-score (mean=0, std=1)
  formula: (x - mean) / (std + 1e-6)
  status: ✓ Normalization complete

[STAGE] 7. RESIZE
----------------------------------------------------------------------
  original_shape: torch.Size([1, 128, 345])
  target_size: (128, 128)
  final_shape: torch.Size([1, 128, 128])
  interpolation_method: bilinear
  align_corners: False
  status: ✓ Resize complete

[STAGE] PARAMETER_VALIDATION
----------------------------------------------------------------------
  training_params: {'SAMPLE_RATE': 22050, 'TARGET_DURATION': 4.0, 'TARGET_SAMPLES': 88200, 'N_MELS': 128, 'N_FFT': 1024, 'HOP_LENGTH': 256, 'DESIRED_TIME_FRAMES': 128, 'NOISE_REDUCTION': True, 'RMS_NORMALIZATION': True, 'PAD_TRIM': True, 'SCALE': 'dB', 'NORMALIZATION': 'zscore'}
  inference_params: {'SAMPLE_RATE': 22050, 'TARGET_DURATION': 4.0, 'TARGET_SAMPLES': 88200, 'N_MELS': 128, 'N_FFT': 1024, 'HOP_LENGTH': 256, 'DESIRED_TIME_FRAMES': 128, 'NOISE_REDUCTION': True, 'RMS_NORMALIZATION': True, 'PAD_TRIM': True, 'SCALE': 'dB', 'NORMALIZATION': 'zscore'}
  mismatches: None
  status: ✓ All parameters match

[STAGE] 8. MODEL_INPUT_VALIDATION
----------------------------------------------------------------------
  input_shape: (1, 1, 128, 128)
  expected_shape: (1, 1, 128, 128)
  shape_match: ✓ Yes
  dtype: torch.float32
  device: cpu
  min_value: -2.089753
  max_value: 0.775289
  has_nan: False
  has_inf: False
  status: ✓ Input valid

[STAGE] 9. MODEL_INFERENCE
----------------------------------------------------------------------
  model_name: best_efficientnet_v2_m+vgg16+densenet121.pt
  device: cpu
  inference_time_ms: 1839.91
  logits_shape: (7,)
  logits: [0.000221, 0.015058, 0.088675, 0.00091, 0.002827, 0.892288, 2e-05]
  probabilities: [0.000221, 0.015058, 0.088675, 0.00091, 0.002827, 0.892288, 2e-05]
  predicted_class_index: 5
  predicted_emotion: sad
  confidence: 0.892288
  status: ✓ Inference complete

======================================================================
INFERENCE TRACE COMPLETED
======================================================================

Trace saved to: logs\inference_trace\trace_20251106_155939_702555_recording.webm.log
JSON trace saved to: logs\inference_trace\trace_20251106_155939_702555_recording.webm.json
