======================================================================
INFERENCE TRACE STARTED: recording.wav
Timestamp: 2025-11-06T08:19:12.932313Z
======================================================================

[STAGE] 1. AUDIO_LOADED
----------------------------------------------------------------------
  sample_rate: 22050
  duration_seconds: 4.0
  waveform_shape: (88200,)
  dtype: float32
  num_channels: 1
  min_amplitude: -1.0
  max_amplitude: 0.999969
  mean_amplitude: -0.002911
  status: ✓ Audio decoded successfully

[STAGE] 2. RESAMPLING
----------------------------------------------------------------------
  original_sample_rate: 22050
  target_sample_rate: 22050
  new_waveform_shape: torch.Size([1, 88200])
  resampled: No (already correct)
  status: ✓ Resampling complete

[STAGE] 4. MEL_SPECTROGRAM
----------------------------------------------------------------------
  sample_rate: 22050
  n_fft: 1024
  hop_length: 256
  n_mels: 128
  mel_shape: torch.Size([1, 128, 345])
  mel_min: 0.0
  mel_max: 99230.875
  mel_mean: 214.286713
  status: ✓ MelSpectrogram generated

[STAGE] 5. DB_CONVERSION
----------------------------------------------------------------------
  db_shape: torch.Size([1, 128, 345])
  db_min: -100.0
  db_max: 49.966469
  db_mean: -53.806946
  transform: AmplitudeToDB
  status: ✓ dB conversion complete

[STAGE] 6. NORMALIZATION
----------------------------------------------------------------------
  before_mean: -53.806946
  before_std: 51.803627
  after_mean: 0.0
  after_std: 1.0
  normalized_shape: torch.Size([1, 128, 345])
  method: z-score (mean=0, std=1)
  formula: (x - mean) / (std + 1e-6)
  status: ✓ Normalization complete

[STAGE] 7. RESIZE
----------------------------------------------------------------------
  original_shape: torch.Size([1, 128, 345])
  target_size: (128, 128)
  final_shape: torch.Size([1, 128, 128])
  interpolation_method: bilinear
  align_corners: False
  status: ✓ Resize complete

[STAGE] PARAMETER_VALIDATION
----------------------------------------------------------------------
  training_params: {'SAMPLE_RATE': 22050, 'N_MELS': 128, 'N_FFT': 1024, 'HOP_LENGTH': 256, 'TARGET_SIZE': 128, 'POWER': 2.0, 'NORMALIZE_METHOD': 'z-score'}
  inference_params: {'SAMPLE_RATE': 22050, 'N_MELS': 128, 'N_FFT': 1024, 'HOP_LENGTH': 256, 'TARGET_SIZE': 128, 'POWER': 2.0, 'NORMALIZE_METHOD': 'z-score'}
  mismatches: None
  status: ✓ All parameters match

[STAGE] 8. MODEL_INPUT_VALIDATION
----------------------------------------------------------------------
  input_shape: (1, 1, 128, 128)
  expected_shape: (1, 1, 128, 128)
  shape_match: ✓ Yes
  dtype: torch.float32
  device: cpu
  min_value: -0.891695
  max_value: 2.002849
  has_nan: False
  has_inf: False
  status: ✓ Input valid

[STAGE] 9. MODEL_INFERENCE
----------------------------------------------------------------------
  model_name: best_efficientnet_v2_m+vgg16+densenet121.pt
  device: cpu
  inference_time_ms: 3714.92
  logits_shape: (7,)
  logits: [0.744751, 0.152129, 0.001993, 0.001228, 0.000439, 0.003256, 0.096203]
  probabilities: [0.251359, 0.13897, 0.119596, 0.119505, 0.119411, 0.119748, 0.131411]
  predicted_class_index: 0
  predicted_emotion: angry
  confidence: 0.251359
  status: ✓ Inference complete

======================================================================
INFERENCE TRACE COMPLETED
======================================================================

Trace saved to: logs\inference_trace\trace_20251106_081912_932313_recording.wav.log
JSON trace saved to: logs\inference_trace\trace_20251106_081912_932313_recording.wav.json
