======================================================================
INFERENCE TRACE STARTED: recording.wav
Timestamp: 2025-11-06T09:19:08.856418Z
======================================================================

[STAGE] 1. AUDIO_LOADED
----------------------------------------------------------------------
  sample_rate: 48000
  duration_seconds: 3.937
  waveform_shape: (188989,)
  dtype: float32
  num_channels: 1
  min_amplitude: -0.134796
  max_amplitude: 0.129639
  mean_amplitude: 0.0
  status: ✓ Audio decoded successfully

[STAGE] 2. RESAMPLING
----------------------------------------------------------------------
  original_sample_rate: 48000
  target_sample_rate: 22050
  new_waveform_shape: torch.Size([1, 86817])
  resampled: Yes
  status: ✓ Resampling complete

[STAGE] 4. MEL_SPECTROGRAM
----------------------------------------------------------------------
  sample_rate: 22050
  n_fft: 1024
  hop_length: 256
  n_mels: 128
  mel_shape: torch.Size([1, 128, 340])
  mel_min: 0.0
  mel_max: 220.271393
  mel_mean: 0.381569
  status: ✓ MelSpectrogram generated

[STAGE] 5. DB_CONVERSION
----------------------------------------------------------------------
  db_shape: torch.Size([1, 128, 340])
  db_min: -100.0
  db_max: 23.429583
  db_mean: -45.741245
  transform: AmplitudeToDB
  status: ✓ dB conversion complete

[STAGE] 6. NORMALIZATION
----------------------------------------------------------------------
  before_mean: -45.741245
  before_std: 29.518627
  after_mean: 0.0
  after_std: 1.0
  normalized_shape: torch.Size([1, 128, 340])
  method: z-score (mean=0, std=1)
  formula: (x - mean) / (std + 1e-6)
  status: ✓ Normalization complete

[STAGE] 7. RESIZE
----------------------------------------------------------------------
  original_shape: torch.Size([1, 128, 340])
  target_size: (128, 128)
  final_shape: torch.Size([1, 128, 128])
  interpolation_method: bilinear
  align_corners: False
  status: ✓ Resize complete

[STAGE] PARAMETER_VALIDATION
----------------------------------------------------------------------
  training_params: {'SAMPLE_RATE': 22050, 'N_MELS': 128, 'N_FFT': 1024, 'HOP_LENGTH': 256, 'TARGET_SIZE': 128, 'POWER': 2.0, 'NORMALIZE_METHOD': 'z-score'}
  inference_params: {'SAMPLE_RATE': 22050, 'N_MELS': 128, 'N_FFT': 1024, 'HOP_LENGTH': 256, 'TARGET_SIZE': 128, 'POWER': 2.0, 'NORMALIZE_METHOD': 'z-score'}
  mismatches: None
  status: ✓ All parameters match

[STAGE] 8. MODEL_INPUT_VALIDATION
----------------------------------------------------------------------
  input_shape: (1, 1, 128, 128)
  expected_shape: (1, 1, 128, 128)
  shape_match: ✓ Yes
  dtype: torch.float32
  device: cpu
  min_value: -1.838119
  max_value: 2.331301
  has_nan: False
  has_inf: False
  status: ✓ Input valid

[STAGE] 9. MODEL_INFERENCE
----------------------------------------------------------------------
  model_name: best_efficientnet_v2_m+vgg16+densenet121.pt
  device: cpu
  inference_time_ms: 293.88
  logits_shape: (7,)
  logits: [0.009373, 0.000158, 0.48443, 0.13247, 0.00083, 0.372593, 0.000147]
  probabilities: [0.122696, 0.121571, 0.197309, 0.138769, 0.121653, 0.176432, 0.12157]
  predicted_class_index: 2
  predicted_emotion: fear
  confidence: 0.197309
  status: ✓ Inference complete

======================================================================
INFERENCE TRACE COMPLETED
======================================================================

Trace saved to: logs\inference_trace\trace_20251106_091908_856418_recording.wav.log
JSON trace saved to: logs\inference_trace\trace_20251106_091908_856418_recording.wav.json
