======================================================================
INFERENCE TRACE STARTED: recording.wav
Timestamp: 2025-11-07T12:41:04.003959Z
======================================================================

[STAGE] 8. MODEL_INPUT_VALIDATION
----------------------------------------------------------------------
  input_shape: (1, 1, 128, 128)
  expected_shape: (1, 1, 128, 128)
  shape_match: ✓ Yes
  dtype: torch.float32
  device: cpu
  min_value: -1.2461
  max_value: 2.044658
  has_nan: False
  has_inf: False
  status: ✓ Input valid

[STAGE] 9. MODEL_INFERENCE
----------------------------------------------------------------------
  model_name: best_efficientnet_v2_m+vgg16+densenet121.pt
  device: cpu
  inference_time_ms: 319.84
  logits_shape: (7,)
  logits: [0.855937, 0.114199, 0.004652, 0.008031, 0.000921, 0.016126, 0.000133]
  probabilities: [0.855937, 0.114199, 0.004652, 0.008031, 0.000921, 0.016126, 0.000133]
  predicted_class_index: 0
  predicted_emotion: angry
  confidence: 0.855937
  status: ✓ Inference complete

======================================================================
INFERENCE TRACE COMPLETED
======================================================================

Trace saved to: logs\inference_trace\trace_20251107_124104_003841_recording.wav.log
JSON trace saved to: logs\inference_trace\trace_20251107_124104_003841_recording.wav.json
