======================================================================
INFERENCE TRACE STARTED: recording.wav
Timestamp: 2025-11-07T12:36:24.358796Z
======================================================================

[STAGE] 8. MODEL_INPUT_VALIDATION
----------------------------------------------------------------------
  input_shape: (1, 1, 128, 128)
  expected_shape: (1, 1, 128, 128)
  shape_match: ✓ Yes
  dtype: torch.float32
  device: cpu
  min_value: -0.849725
  max_value: 2.101128
  has_nan: False
  has_inf: False
  status: ✓ Input valid

[STAGE] 9. MODEL_INFERENCE
----------------------------------------------------------------------
  model_name: best_efficientnet_v2_m+vgg16+densenet121.pt
  device: cpu
  inference_time_ms: 290.38
  logits_shape: (7,)
  logits: [0.000359, 0.000251, 0.002455, 0.996773, 2.7e-05, 4.1e-05, 9.4e-05]
  probabilities: [0.000359, 0.000251, 0.002455, 0.996773, 2.7e-05, 4.1e-05, 9.4e-05]
  predicted_class_index: 3
  predicted_emotion: happy
  confidence: 0.996773
  status: ✓ Inference complete

======================================================================
INFERENCE TRACE COMPLETED
======================================================================

Trace saved to: logs\inference_trace\trace_20251107_123624_358712_recording.wav.log
JSON trace saved to: logs\inference_trace\trace_20251107_123624_358712_recording.wav.json
