======================================================================
INFERENCE TRACE STARTED: recording.ogg
Timestamp: 2025-11-07T12:41:32.158276Z
======================================================================

[STAGE] 8. MODEL_INPUT_VALIDATION
----------------------------------------------------------------------
  input_shape: (1, 1, 128, 128)
  expected_shape: (1, 1, 128, 128)
  shape_match: ✓ Yes
  dtype: torch.float32
  device: cpu
  min_value: -1.251556
  max_value: 2.143669
  has_nan: False
  has_inf: False
  status: ✓ Input valid

[STAGE] 9. MODEL_INFERENCE
----------------------------------------------------------------------
  model_name: best_efficientnet_v2_m+vgg16+densenet121.pt
  device: cpu
  inference_time_ms: 299.75
  logits_shape: (7,)
  logits: [0.001568, 0.015117, 0.013687, 0.002523, 0.056806, 0.910182, 0.000116]
  probabilities: [0.001568, 0.015117, 0.013687, 0.002523, 0.056806, 0.910182, 0.000116]
  predicted_class_index: 5
  predicted_emotion: sad
  confidence: 0.910182
  status: ✓ Inference complete

======================================================================
INFERENCE TRACE COMPLETED
======================================================================

Trace saved to: logs\inference_trace\trace_20251107_124132_158188_recording.ogg.log
JSON trace saved to: logs\inference_trace\trace_20251107_124132_158188_recording.ogg.json
