======================================================================
INFERENCE TRACE STARTED: recording.webm
Timestamp: 2025-11-06T15:46:32.789897Z
======================================================================

[STAGE] 1. AUDIO_LOADED
----------------------------------------------------------------------
  sample_rate: 48000
  duration_seconds: 3.9
  waveform_shape: (187200,)
  dtype: float32
  num_channels: 1
  min_amplitude: -0.020227
  max_amplitude: 0.017159
  mean_amplitude: -0.0
  status: ✓ Audio decoded successfully

[STAGE] 2. RESAMPLING
----------------------------------------------------------------------
  original_sample_rate: 48000
  target_sample_rate: 22050
  new_waveform_shape: (88200,)
  resampled: Yes
  status: ✓ Resampling complete

[STAGE] CLEANING
----------------------------------------------------------------------
  noise_reduction: Applied (noisereduce)
  rms_normalization: Applied
  duration_fix: Padded/trimmed to 4.0s
  final_samples: 88200
  expected_samples: 88200

[STAGE] 4. MEL_SPECTROGRAM
----------------------------------------------------------------------
  sample_rate: 22050
  n_fft: 1024
  hop_length: 256
  n_mels: 128
  mel_shape: torch.Size([1, 128, 345])
  mel_min: 0.0
  mel_max: 121004.625
  mel_mean: 1495.475708
  status: ✓ MelSpectrogram generated

[STAGE] 5. DB_CONVERSION
----------------------------------------------------------------------
  db_shape: torch.Size([1, 128, 345])
  db_min: -100.0
  db_max: 50.828018
  db_mean: -80.212463
  transform: AmplitudeToDB
  status: ✓ dB conversion complete

[STAGE] 6. NORMALIZATION
----------------------------------------------------------------------
  before_mean: -80.212463
  before_std: 45.195782
  after_mean: -0.0
  after_std: 1.0
  normalized_shape: torch.Size([1, 128, 345])
  method: z-score (mean=0, std=1)
  formula: (x - mean) / (std + 1e-6)
  status: ✓ Normalization complete

[STAGE] 7. RESIZE
----------------------------------------------------------------------
  original_shape: torch.Size([1, 128, 345])
  target_size: (128, 128)
  final_shape: torch.Size([1, 128, 128])
  interpolation_method: bilinear
  align_corners: False
  status: ✓ Resize complete

[STAGE] PARAMETER_VALIDATION
----------------------------------------------------------------------
  training_params: {'SAMPLE_RATE': 22050, 'TARGET_DURATION': 4.0, 'TARGET_SAMPLES': 88200, 'N_MELS': 128, 'N_FFT': 1024, 'HOP_LENGTH': 256, 'DESIRED_TIME_FRAMES': 128, 'NOISE_REDUCTION': True, 'RMS_NORMALIZATION': True, 'PAD_TRIM': True, 'SCALE': 'dB', 'NORMALIZATION': 'zscore'}
  inference_params: {'SAMPLE_RATE': 22050, 'TARGET_DURATION': 4.0, 'TARGET_SAMPLES': 88200, 'N_MELS': 128, 'N_FFT': 1024, 'HOP_LENGTH': 256, 'DESIRED_TIME_FRAMES': 128, 'NOISE_REDUCTION': True, 'RMS_NORMALIZATION': True, 'PAD_TRIM': True, 'SCALE': 'dB', 'NORMALIZATION': 'zscore'}
  mismatches: None
  status: ✓ All parameters match

[STAGE] 8. MODEL_INPUT_VALIDATION
----------------------------------------------------------------------
  input_shape: (1, 1, 128, 128)
  expected_shape: (1, 1, 128, 128)
  shape_match: ✓ Yes
  dtype: torch.float32
  device: cpu
  min_value: -0.437818
  max_value: 2.871342
  has_nan: False
  has_inf: False
  status: ✓ Input valid

[STAGE] 9. MODEL_INFERENCE
----------------------------------------------------------------------
  model_name: best_efficientnet_v2_m+vgg16+densenet121.pt
  device: cpu
  inference_time_ms: 1494.72
  logits_shape: (7,)
  logits: [0.112883, 0.227001, 0.218303, 0.007415, 0.0256, 0.407361, 0.001437]
  probabilities: [0.112883, 0.227001, 0.218303, 0.007415, 0.0256, 0.407361, 0.001437]
  predicted_class_index: 5
  predicted_emotion: sad
  confidence: 0.407361
  status: ✓ Inference complete

======================================================================
INFERENCE TRACE COMPLETED
======================================================================

Trace saved to: logs\inference_trace\trace_20251106_154632_789897_recording.webm.log
JSON trace saved to: logs\inference_trace\trace_20251106_154632_789897_recording.webm.json
